{
  "llmEventStart": [
    {
      "id": "PRESERVE_0",
      "messages": [
        {
          "role": "user",
          "content": "Divide 16 by 2 then add 20"
        }
      ]
    },
    {
      "id": "PRESERVE_1",
      "messages": [
        {
          "role": "user",
          "content": "Divide 16 by 2 then add 20"
        },
        {
          "role": "assistant",
          "content": "",
          "options": {
            "toolCall": [
              {
                "name": "divideNumbers",
                "id": "call_XgB0tixgYDhGXXSgdY19XDmt",
                "input": {
                  "a": 16,
                  "b": 2
                }
              },
              {
                "name": "sumNumbers",
                "id": "call_nXP1Rc85Ntdv5XcI6FBWmB6d",
                "input": "{\"a\": 8, \"b\": 20}"
              }
            ]
          }
        },
        {
          "role": "user",
          "content": "8",
          "options": {
            "toolResult": {
              "result": "8",
              "isError": false,
              "id": "call_XgB0tixgYDhGXXSgdY19XDmt"
            }
          }
        },
        {
          "role": "user",
          "content": "28",
          "options": {
            "toolResult": {
              "result": "28",
              "isError": false,
              "id": "call_nXP1Rc85Ntdv5XcI6FBWmB6d"
            }
          }
        }
      ]
    }
  ],
  "llmEventEnd": [
    {
      "id": "PRESERVE_0",
      "response": {
        "raw": null,
        "message": {
          "content": "",
          "role": "assistant",
          "options": {
            "toolCall": [
              {
                "name": "sumNumbers",
                "id": "call_nXP1Rc85Ntdv5XcI6FBWmB6d",
                "input": "{\"a\": 8, \"b\": 20}"
              }
            ]
          }
        }
      }
    },
    {
      "id": "PRESERVE_1",
      "response": {
        "raw": null,
        "message": {
          "content": "After dividing 16 by 2, we get 8. Adding 20 to 8 gives us 28.",
          "role": "assistant",
          "options": {}
        }
      }
    }
  ],
  "llmEventStream": [
    {
      "id": "PRESERVE_0",
      "chunk": {
        "raw": null,
        "options": {
          "toolCall": [
            {
              "name": "divideNumbers",
              "id": "call_XgB0tixgYDhGXXSgdY19XDmt",
              "input": "{\"a\": 16, \"b\": 2}"
            }
          ]
        },
        "delta": ""
      }
    },
    {
      "id": "PRESERVE_0",
      "chunk": {
        "raw": null,
        "options": {
          "toolCall": [
            {
              "name": "divideNumbers",
              "id": "call_XgB0tixgYDhGXXSgdY19XDmt",
              "input": "{\"a\": 16, \"b\": 2}"
            }
          ]
        },
        "delta": ""
      }
    },
    {
      "id": "PRESERVE_0",
      "chunk": {
        "raw": null,
        "options": {
          "toolCall": [
            {
              "name": "divideNumbers",
              "id": "call_XgB0tixgYDhGXXSgdY19XDmt",
              "input": "{\"a\": 16, \"b\": 2}"
            }
          ]
        },
        "delta": ""
      }
    },
    {
      "id": "PRESERVE_0",
      "chunk": {
        "raw": null,
        "options": {
          "toolCall": [
            {
              "name": "divideNumbers",
              "id": "call_XgB0tixgYDhGXXSgdY19XDmt",
              "input": "{\"a\": 16, \"b\": 2}"
            }
          ]
        },
        "delta": ""
      }
    },
    {
      "id": "PRESERVE_0",
      "chunk": {
        "raw": null,
        "options": {
          "toolCall": [
            {
              "name": "divideNumbers",
              "id": "call_XgB0tixgYDhGXXSgdY19XDmt",
              "input": "{\"a\": 16, \"b\": 2}"
            }
          ]
        },
        "delta": ""
      }
    },
    {
      "id": "PRESERVE_0",
      "chunk": {
        "raw": null,
        "options": {
          "toolCall": [
            {
              "name": "divideNumbers",
              "id": "call_XgB0tixgYDhGXXSgdY19XDmt",
              "input": {
                "a": 16,
                "b": 2
              }
            }
          ]
        },
        "delta": ""
      }
    },
    {
      "id": "PRESERVE_0",
      "chunk": {
        "raw": null,
        "options": {
          "toolCall": [
            {
              "name": "sumNumbers",
              "id": "call_nXP1Rc85Ntdv5XcI6FBWmB6d",
              "input": "{\"a\": 8, \"b\": 20}"
            }
          ]
        },
        "delta": ""
      }
    },
    {
      "id": "PRESERVE_0",
      "chunk": {
        "raw": null,
        "options": {
          "toolCall": [
            {
              "name": "sumNumbers",
              "id": "call_nXP1Rc85Ntdv5XcI6FBWmB6d",
              "input": "{\"a\": 8, \"b\": 20}"
            }
          ]
        },
        "delta": ""
      }
    },
    {
      "id": "PRESERVE_0",
      "chunk": {
        "raw": null,
        "options": {
          "toolCall": [
            {
              "name": "sumNumbers",
              "id": "call_nXP1Rc85Ntdv5XcI6FBWmB6d",
              "input": "{\"a\": 8, \"b\": 20}"
            }
          ]
        },
        "delta": ""
      }
    },
    {
      "id": "PRESERVE_0",
      "chunk": {
        "raw": null,
        "options": {
          "toolCall": [
            {
              "name": "sumNumbers",
              "id": "call_nXP1Rc85Ntdv5XcI6FBWmB6d",
              "input": "{\"a\": 8, \"b\": 20}"
            }
          ]
        },
        "delta": ""
      }
    },
    {
      "id": "PRESERVE_1",
      "chunk": {
        "raw": null,
        "options": {},
        "delta": "After"
      }
    },
    {
      "id": "PRESERVE_1",
      "chunk": {
        "raw": null,
        "options": {},
        "delta": " dividing"
      }
    },
    {
      "id": "PRESERVE_1",
      "chunk": {
        "raw": null,
        "options": {},
        "delta": " "
      }
    },
    {
      "id": "PRESERVE_1",
      "chunk": {
        "raw": null,
        "options": {},
        "delta": "16"
      }
    },
    {
      "id": "PRESERVE_1",
      "chunk": {
        "raw": null,
        "options": {},
        "delta": " by"
      }
    },
    {
      "id": "PRESERVE_1",
      "chunk": {
        "raw": null,
        "options": {},
        "delta": " "
      }
    },
    {
      "id": "PRESERVE_1",
      "chunk": {
        "raw": null,
        "options": {},
        "delta": "2"
      }
    },
    {
      "id": "PRESERVE_1",
      "chunk": {
        "raw": null,
        "options": {},
        "delta": ","
      }
    },
    {
      "id": "PRESERVE_1",
      "chunk": {
        "raw": null,
        "options": {},
        "delta": " we"
      }
    },
    {
      "id": "PRESERVE_1",
      "chunk": {
        "raw": null,
        "options": {},
        "delta": " get"
      }
    },
    {
      "id": "PRESERVE_1",
      "chunk": {
        "raw": null,
        "options": {},
        "delta": " "
      }
    },
    {
      "id": "PRESERVE_1",
      "chunk": {
        "raw": null,
        "options": {},
        "delta": "8"
      }
    },
    {
      "id": "PRESERVE_1",
      "chunk": {
        "raw": null,
        "options": {},
        "delta": "."
      }
    },
    {
      "id": "PRESERVE_1",
      "chunk": {
        "raw": null,
        "options": {},
        "delta": " Adding"
      }
    },
    {
      "id": "PRESERVE_1",
      "chunk": {
        "raw": null,
        "options": {},
        "delta": " "
      }
    },
    {
      "id": "PRESERVE_1",
      "chunk": {
        "raw": null,
        "options": {},
        "delta": "20"
      }
    },
    {
      "id": "PRESERVE_1",
      "chunk": {
        "raw": null,
        "options": {},
        "delta": " to"
      }
    },
    {
      "id": "PRESERVE_1",
      "chunk": {
        "raw": null,
        "options": {},
        "delta": " "
      }
    },
    {
      "id": "PRESERVE_1",
      "chunk": {
        "raw": null,
        "options": {},
        "delta": "8"
      }
    },
    {
      "id": "PRESERVE_1",
      "chunk": {
        "raw": null,
        "options": {},
        "delta": " gives"
      }
    },
    {
      "id": "PRESERVE_1",
      "chunk": {
        "raw": null,
        "options": {},
        "delta": " us"
      }
    },
    {
      "id": "PRESERVE_1",
      "chunk": {
        "raw": null,
        "options": {},
        "delta": " "
      }
    },
    {
      "id": "PRESERVE_1",
      "chunk": {
        "raw": null,
        "options": {},
        "delta": "28"
      }
    },
    {
      "id": "PRESERVE_1",
      "chunk": {
        "raw": null,
        "options": {},
        "delta": "."
      }
    }
  ]
}