{
  "llmEventStart": [
    {
      "id": "PRESERVE_0",
      "messages": [
        {
          "content": "Hello",
          "role": "user",
          "options": {}
        }
      ]
    },
    {
      "id": "PRESERVE_1",
      "messages": [
        {
          "content": "hello",
          "role": "user"
        }
      ]
    }
  ],
  "llmEventEnd": [
    {
      "id": "PRESERVE_0",
      "response": {
        "raw": null,
        "message": {
          "content": "Hello! How can I assist you today?",
          "role": "assistant",
          "options": {}
        }
      }
    },
    {
      "id": "PRESERVE_1",
      "response": {
        "raw": null,
        "message": {
          "content": "Hello! How can I assist you today?",
          "role": "assistant",
          "options": {}
        }
      }
    }
  ],
  "llmEventStream": [
    {
      "id": "PRESERVE_1",
      "chunk": {
        "raw": null,
        "delta": "Hello! How can",
        "options": {}
      }
    },
    {
      "id": "PRESERVE_1",
      "chunk": {
        "raw": null,
        "delta": " I assist you today",
        "options": {}
      }
    },
    {
      "id": "PRESERVE_1",
      "chunk": {
        "raw": null,
        "delta": "?",
        "options": {}
      }
    }
  ]
}