{
  "llmEventStart": [
    {
      "id": "PRESERVE_0",
      "messages": [
        {
          "content": "Please always use the tools provided to answer a question. Do not rely on prior knowledge.",
          "role": "system"
        },
        {
          "role": "user",
          "content": "What's the summary of Alex? Does he live in Brazil based on the brief information? Return yes or no."
        }
      ]
    },
    {
      "id": "PRESERVE_1",
      "messages": [
        {
          "content": "Context information is below.\n---------------------\nAlex is a male. What's very important, Alex is not in the Brazil.\n---------------------\nGiven the context information and not prior knowledge, answer the query.\nQuery: Alex\nAnswer:",
          "role": "user"
        }
      ]
    },
    {
      "id": "PRESERVE_2",
      "messages": [
        {
          "content": "Please always use the tools provided to answer a question. Do not rely on prior knowledge.",
          "role": "system"
        },
        {
          "role": "user",
          "content": "What's the summary of Alex? Does he live in Brazil based on the brief information? Return yes or no."
        },
        {
          "content": "",
          "role": "assistant",
          "options": {
            "toolCall": {
              "id": "call_VfgZS1NPKpbtzqhM3o1Buzx8",
              "name": "summary_tool",
              "input": "{\"query\": \"Alex\"}"
            }
          }
        },
        {
          "content": "Alex is not in Brazil.",
          "role": "user",
          "options": {
            "toolResult": {
              "result": "Alex is not in Brazil.",
              "isError": false,
              "id": "call_VfgZS1NPKpbtzqhM3o1Buzx8"
            }
          }
        }
      ]
    }
  ],
  "llmEventEnd": [
    {
      "id": "PRESERVE_0",
      "response": {
        "raw": null,
        "message": {
          "content": "",
          "role": "assistant",
          "options": {
            "toolCall": {
              "id": "call_VfgZS1NPKpbtzqhM3o1Buzx8",
              "name": "summary_tool",
              "input": "{\"query\": \"Alex\"}"
            }
          }
        }
      }
    },
    {
      "id": "PRESERVE_1",
      "response": {
        "raw": null,
        "message": {
          "content": "Alex is not in Brazil.",
          "role": "assistant",
          "options": {}
        }
      }
    },
    {
      "id": "PRESERVE_2",
      "response": {
        "raw": null,
        "message": {
          "content": "No, Alex does not live in Brazil based on the brief information available.",
          "role": "assistant",
          "options": {}
        }
      }
    }
  ],
  "llmEventStream": []
}