{
  "llmEventStart": [
    {
      "id": "PRESERVE_0",
      "messages": [
        {
          "content": "What is the weather in San Jose?",
          "role": "user"
        }
      ]
    },
    {
      "id": "PRESERVE_1",
      "messages": [
        {
          "content": "What is the weather in San Jose?",
          "role": "user"
        },
        {
          "content": "",
          "role": "assistant",
          "options": {
            "toolCall": {
              "id": "HIDDEN",
              "name": "Weather",
              "input": "{\"location\":\"San Jose\"}"
            }
          }
        },
        {
          "content": "45 degrees and sunny in San Jose",
          "role": "user",
          "options": {
            "toolResult": {
              "id": "HIDDEN",
              "isError": false
            }
          }
        }
      ]
    }
  ],
  "llmEventEnd": [
    {
      "id": "PRESERVE_0",
      "response": {
        "raw": {
          "id": "HIDDEN",
          "object": "chat.completion",
          "created": 114514,
          "model": "gpt-3.5-turbo-0125",
          "choices": [
            {
              "index": 0,
              "message": {
                "role": "assistant",
                "content": null,
                "tool_calls": [
                  {
                    "id": "HIDDEN",
                    "type": "function",
                    "function": {
                      "name": "Weather",
                      "arguments": "{\"location\":\"San Jose\"}"
                    }
                  }
                ]
              },
              "logprobs": null,
              "finish_reason": "tool_calls"
            }
          ],
          "usage": {
            "prompt_tokens": 49,
            "completion_tokens": 15,
            "total_tokens": 64
          },
          "system_fingerprint": "HIDDEN"
        },
        "message": {
          "content": "",
          "role": "assistant",
          "options": {
            "toolCall": {
              "id": "HIDDEN",
              "name": "Weather",
              "input": "{\"location\":\"San Jose\"}"
            }
          }
        }
      }
    },
    {
      "id": "PRESERVE_1",
      "response": {
        "raw": {
          "id": "HIDDEN",
          "object": "chat.completion",
          "created": 114514,
          "model": "gpt-3.5-turbo-0125",
          "choices": [
            {
              "index": 0,
              "message": {
                "role": "assistant",
                "content": "The weather in San Jose is currently 45 degrees and sunny."
              },
              "logprobs": null,
              "finish_reason": "stop"
            }
          ],
          "usage": {
            "prompt_tokens": 78,
            "completion_tokens": 14,
            "total_tokens": 92
          },
          "system_fingerprint": "HIDDEN"
        },
        "message": {
          "content": "The weather in San Jose is currently 45 degrees and sunny.",
          "role": "assistant",
          "options": {}
        }
      }
    }
  ],
  "llmEventStream": []
}