{
  "llmEventStart": [
    {
      "id": "PRESERVE_0",
      "messages": [
        {
          "content": "Hello",
          "role": "user",
          "options": {}
        }
      ]
    },
    {
      "id": "PRESERVE_1",
      "messages": [
        {
          "content": "hello",
          "role": "user"
        }
      ]
    }
  ],
  "llmEventEnd": [
    {
      "id": "PRESERVE_0",
      "response": {
        "raw": {
          "id": "HIDDEN",
          "type": "message",
          "role": "assistant",
          "model": "claude-3-opus-20240229",
          "stop_sequence": null,
          "usage": {
            "input_tokens": 8,
            "output_tokens": 12
          },
          "content": [
            {
              "type": "text",
              "text": "Hello! How can I assist you today?"
            }
          ],
          "stop_reason": "end_turn"
        },
        "message": {
          "content": "Hello! How can I assist you today?",
          "role": "assistant",
          "options": {}
        }
      }
    },
    {
      "id": "PRESERVE_1",
      "response": {
        "raw": [
          {
            "raw": {
              "type": "content_block_delta",
              "index": 0,
              "delta": {
                "type": "text_delta",
                "text": "Hello"
              }
            },
            "delta": "Hello",
            "options": {}
          },
          {
            "raw": {
              "type": "content_block_delta",
              "index": 0,
              "delta": {
                "type": "text_delta",
                "text": "!"
              }
            },
            "delta": "!",
            "options": {}
          },
          {
            "raw": {
              "type": "content_block_delta",
              "index": 0,
              "delta": {
                "type": "text_delta",
                "text": " How"
              }
            },
            "delta": " How",
            "options": {}
          },
          {
            "raw": {
              "type": "content_block_delta",
              "index": 0,
              "delta": {
                "type": "text_delta",
                "text": " can"
              }
            },
            "delta": " can",
            "options": {}
          },
          {
            "raw": {
              "type": "content_block_delta",
              "index": 0,
              "delta": {
                "type": "text_delta",
                "text": " I"
              }
            },
            "delta": " I",
            "options": {}
          },
          {
            "raw": {
              "type": "content_block_delta",
              "index": 0,
              "delta": {
                "type": "text_delta",
                "text": " assist"
              }
            },
            "delta": " assist",
            "options": {}
          },
          {
            "raw": {
              "type": "content_block_delta",
              "index": 0,
              "delta": {
                "type": "text_delta",
                "text": " you"
              }
            },
            "delta": " you",
            "options": {}
          },
          {
            "raw": {
              "type": "content_block_delta",
              "index": 0,
              "delta": {
                "type": "text_delta",
                "text": " today"
              }
            },
            "delta": " today",
            "options": {}
          },
          {
            "raw": {
              "type": "content_block_delta",
              "index": 0,
              "delta": {
                "type": "text_delta",
                "text": "?"
              }
            },
            "delta": "?",
            "options": {}
          }
        ],
        "message": {
          "content": "Hello! How can I assist you today?",
          "role": "assistant",
          "options": {}
        }
      }
    }
  ],
  "llmEventStream": [
    {
      "id": "PRESERVE_1",
      "chunk": {
        "raw": {
          "type": "content_block_delta",
          "index": 0,
          "delta": {
            "type": "text_delta",
            "text": "Hello"
          }
        },
        "delta": "Hello",
        "options": {}
      }
    },
    {
      "id": "PRESERVE_1",
      "chunk": {
        "raw": {
          "type": "content_block_delta",
          "index": 0,
          "delta": {
            "type": "text_delta",
            "text": "!"
          }
        },
        "delta": "!",
        "options": {}
      }
    },
    {
      "id": "PRESERVE_1",
      "chunk": {
        "raw": {
          "type": "content_block_delta",
          "index": 0,
          "delta": {
            "type": "text_delta",
            "text": " How"
          }
        },
        "delta": " How",
        "options": {}
      }
    },
    {
      "id": "PRESERVE_1",
      "chunk": {
        "raw": {
          "type": "content_block_delta",
          "index": 0,
          "delta": {
            "type": "text_delta",
            "text": " can"
          }
        },
        "delta": " can",
        "options": {}
      }
    },
    {
      "id": "PRESERVE_1",
      "chunk": {
        "raw": {
          "type": "content_block_delta",
          "index": 0,
          "delta": {
            "type": "text_delta",
            "text": " I"
          }
        },
        "delta": " I",
        "options": {}
      }
    },
    {
      "id": "PRESERVE_1",
      "chunk": {
        "raw": {
          "type": "content_block_delta",
          "index": 0,
          "delta": {
            "type": "text_delta",
            "text": " assist"
          }
        },
        "delta": " assist",
        "options": {}
      }
    },
    {
      "id": "PRESERVE_1",
      "chunk": {
        "raw": {
          "type": "content_block_delta",
          "index": 0,
          "delta": {
            "type": "text_delta",
            "text": " you"
          }
        },
        "delta": " you",
        "options": {}
      }
    },
    {
      "id": "PRESERVE_1",
      "chunk": {
        "raw": {
          "type": "content_block_delta",
          "index": 0,
          "delta": {
            "type": "text_delta",
            "text": " today"
          }
        },
        "delta": " today",
        "options": {}
      }
    },
    {
      "id": "PRESERVE_1",
      "chunk": {
        "raw": {
          "type": "content_block_delta",
          "index": 0,
          "delta": {
            "type": "text_delta",
            "text": "?"
          }
        },
        "delta": "?",
        "options": {}
      }
    }
  ]
}