{
  "llmEventStart": [
    {
      "id": "PRESERVE_0",
      "messages": [
        {
          "content": "Hello",
          "role": "user"
        }
      ]
    },
    {
      "id": "PRESERVE_1",
      "messages": [
        {
          "content": "hello",
          "role": "user"
        }
      ]
    }
  ],
  "llmEventEnd": [
    {
      "id": "PRESERVE_0",
      "response": {
        "raw": {
          "id": "HIDDEN",
          "object": "chat.completion",
          "created": 114514,
          "model": "gpt-3.5-turbo-0125",
          "choices": [
            {
              "index": 0,
              "message": {
                "role": "assistant",
                "content": "Hello! How can I assist you today?"
              },
              "logprobs": null,
              "finish_reason": "stop"
            }
          ],
          "usage": {
            "prompt_tokens": 8,
            "completion_tokens": 9,
            "total_tokens": 17
          },
          "system_fingerprint": "HIDDEN"
        },
        "message": {
          "content": "Hello! How can I assist you today?",
          "role": "assistant",
          "options": {}
        }
      }
    },
    {
      "id": "PRESERVE_1",
      "response": {
        "raw": [
          {
            "raw": {
              "id": "HIDDEN",
              "object": "chat.completion.chunk",
              "created": 114514,
              "model": "gpt-3.5-turbo-0125",
              "system_fingerprint": "HIDDEN",
              "choices": [
                {
                  "index": 0,
                  "delta": {
                    "content": "Hello"
                  },
                  "logprobs": null,
                  "finish_reason": null
                }
              ]
            },
            "options": {},
            "delta": "Hello"
          },
          {
            "raw": {
              "id": "HIDDEN",
              "object": "chat.completion.chunk",
              "created": 114514,
              "model": "gpt-3.5-turbo-0125",
              "system_fingerprint": "HIDDEN",
              "choices": [
                {
                  "index": 0,
                  "delta": {
                    "content": "!"
                  },
                  "logprobs": null,
                  "finish_reason": null
                }
              ]
            },
            "options": {},
            "delta": "!"
          },
          {
            "raw": {
              "id": "HIDDEN",
              "object": "chat.completion.chunk",
              "created": 114514,
              "model": "gpt-3.5-turbo-0125",
              "system_fingerprint": "HIDDEN",
              "choices": [
                {
                  "index": 0,
                  "delta": {
                    "content": " How"
                  },
                  "logprobs": null,
                  "finish_reason": null
                }
              ]
            },
            "options": {},
            "delta": " How"
          },
          {
            "raw": {
              "id": "HIDDEN",
              "object": "chat.completion.chunk",
              "created": 114514,
              "model": "gpt-3.5-turbo-0125",
              "system_fingerprint": "HIDDEN",
              "choices": [
                {
                  "index": 0,
                  "delta": {
                    "content": " can"
                  },
                  "logprobs": null,
                  "finish_reason": null
                }
              ]
            },
            "options": {},
            "delta": " can"
          },
          {
            "raw": {
              "id": "HIDDEN",
              "object": "chat.completion.chunk",
              "created": 114514,
              "model": "gpt-3.5-turbo-0125",
              "system_fingerprint": "HIDDEN",
              "choices": [
                {
                  "index": 0,
                  "delta": {
                    "content": " I"
                  },
                  "logprobs": null,
                  "finish_reason": null
                }
              ]
            },
            "options": {},
            "delta": " I"
          },
          {
            "raw": {
              "id": "HIDDEN",
              "object": "chat.completion.chunk",
              "created": 114514,
              "model": "gpt-3.5-turbo-0125",
              "system_fingerprint": "HIDDEN",
              "choices": [
                {
                  "index": 0,
                  "delta": {
                    "content": " assist"
                  },
                  "logprobs": null,
                  "finish_reason": null
                }
              ]
            },
            "options": {},
            "delta": " assist"
          },
          {
            "raw": {
              "id": "HIDDEN",
              "object": "chat.completion.chunk",
              "created": 114514,
              "model": "gpt-3.5-turbo-0125",
              "system_fingerprint": "HIDDEN",
              "choices": [
                {
                  "index": 0,
                  "delta": {
                    "content": " you"
                  },
                  "logprobs": null,
                  "finish_reason": null
                }
              ]
            },
            "options": {},
            "delta": " you"
          },
          {
            "raw": {
              "id": "HIDDEN",
              "object": "chat.completion.chunk",
              "created": 114514,
              "model": "gpt-3.5-turbo-0125",
              "system_fingerprint": "HIDDEN",
              "choices": [
                {
                  "index": 0,
                  "delta": {
                    "content": " today"
                  },
                  "logprobs": null,
                  "finish_reason": null
                }
              ]
            },
            "options": {},
            "delta": " today"
          },
          {
            "raw": {
              "id": "HIDDEN",
              "object": "chat.completion.chunk",
              "created": 114514,
              "model": "gpt-3.5-turbo-0125",
              "system_fingerprint": "HIDDEN",
              "choices": [
                {
                  "index": 0,
                  "delta": {
                    "content": "?"
                  },
                  "logprobs": null,
                  "finish_reason": null
                }
              ]
            },
            "options": {},
            "delta": "?"
          }
        ],
        "message": {
          "content": "Hello! How can I assist you today?",
          "role": "assistant",
          "options": {}
        }
      }
    }
  ],
  "llmEventStream": [
    {
      "id": "PRESERVE_1",
      "chunk": {
        "raw": {
          "id": "HIDDEN",
          "object": "chat.completion.chunk",
          "created": 114514,
          "model": "gpt-3.5-turbo-0125",
          "system_fingerprint": "HIDDEN",
          "choices": [
            {
              "index": 0,
              "delta": {
                "content": "Hello"
              },
              "logprobs": null,
              "finish_reason": null
            }
          ]
        },
        "options": {},
        "delta": "Hello"
      }
    },
    {
      "id": "PRESERVE_1",
      "chunk": {
        "raw": {
          "id": "HIDDEN",
          "object": "chat.completion.chunk",
          "created": 114514,
          "model": "gpt-3.5-turbo-0125",
          "system_fingerprint": "HIDDEN",
          "choices": [
            {
              "index": 0,
              "delta": {
                "content": "!"
              },
              "logprobs": null,
              "finish_reason": null
            }
          ]
        },
        "options": {},
        "delta": "!"
      }
    },
    {
      "id": "PRESERVE_1",
      "chunk": {
        "raw": {
          "id": "HIDDEN",
          "object": "chat.completion.chunk",
          "created": 114514,
          "model": "gpt-3.5-turbo-0125",
          "system_fingerprint": "HIDDEN",
          "choices": [
            {
              "index": 0,
              "delta": {
                "content": " How"
              },
              "logprobs": null,
              "finish_reason": null
            }
          ]
        },
        "options": {},
        "delta": " How"
      }
    },
    {
      "id": "PRESERVE_1",
      "chunk": {
        "raw": {
          "id": "HIDDEN",
          "object": "chat.completion.chunk",
          "created": 114514,
          "model": "gpt-3.5-turbo-0125",
          "system_fingerprint": "HIDDEN",
          "choices": [
            {
              "index": 0,
              "delta": {
                "content": " can"
              },
              "logprobs": null,
              "finish_reason": null
            }
          ]
        },
        "options": {},
        "delta": " can"
      }
    },
    {
      "id": "PRESERVE_1",
      "chunk": {
        "raw": {
          "id": "HIDDEN",
          "object": "chat.completion.chunk",
          "created": 114514,
          "model": "gpt-3.5-turbo-0125",
          "system_fingerprint": "HIDDEN",
          "choices": [
            {
              "index": 0,
              "delta": {
                "content": " I"
              },
              "logprobs": null,
              "finish_reason": null
            }
          ]
        },
        "options": {},
        "delta": " I"
      }
    },
    {
      "id": "PRESERVE_1",
      "chunk": {
        "raw": {
          "id": "HIDDEN",
          "object": "chat.completion.chunk",
          "created": 114514,
          "model": "gpt-3.5-turbo-0125",
          "system_fingerprint": "HIDDEN",
          "choices": [
            {
              "index": 0,
              "delta": {
                "content": " assist"
              },
              "logprobs": null,
              "finish_reason": null
            }
          ]
        },
        "options": {},
        "delta": " assist"
      }
    },
    {
      "id": "PRESERVE_1",
      "chunk": {
        "raw": {
          "id": "HIDDEN",
          "object": "chat.completion.chunk",
          "created": 114514,
          "model": "gpt-3.5-turbo-0125",
          "system_fingerprint": "HIDDEN",
          "choices": [
            {
              "index": 0,
              "delta": {
                "content": " you"
              },
              "logprobs": null,
              "finish_reason": null
            }
          ]
        },
        "options": {},
        "delta": " you"
      }
    },
    {
      "id": "PRESERVE_1",
      "chunk": {
        "raw": {
          "id": "HIDDEN",
          "object": "chat.completion.chunk",
          "created": 114514,
          "model": "gpt-3.5-turbo-0125",
          "system_fingerprint": "HIDDEN",
          "choices": [
            {
              "index": 0,
              "delta": {
                "content": " today"
              },
              "logprobs": null,
              "finish_reason": null
            }
          ]
        },
        "options": {},
        "delta": " today"
      }
    },
    {
      "id": "PRESERVE_1",
      "chunk": {
        "raw": {
          "id": "HIDDEN",
          "object": "chat.completion.chunk",
          "created": 114514,
          "model": "gpt-3.5-turbo-0125",
          "system_fingerprint": "HIDDEN",
          "choices": [
            {
              "index": 0,
              "delta": {
                "content": "?"
              },
              "logprobs": null,
              "finish_reason": null
            }
          ]
        },
        "options": {},
        "delta": "?"
      }
    }
  ]
}