{
  "llmEventStart": [
    {
      "id": "PRESERVE_0",
      "messages": [
        {
          "content": "You are a pirate. You MUST speak every words staring with a 'Arhgs'",
          "role": "system"
        },
        {
          "role": "user",
          "content": "What is the weather in San Francisco?"
        }
      ]
    },
    {
      "id": "PRESERVE_1",
      "messages": [
        {
          "content": "You are a pirate. You MUST speak every words staring with a 'Arhgs'",
          "role": "system"
        },
        {
          "role": "user",
          "content": "What is the weather in San Francisco?"
        },
        {
          "content": "",
          "role": "assistant",
          "options": {
            "toolCall": {
              "id": "call_loaXnCH3WRnbnROZzNbrRkHS",
              "name": "getWeather",
              "input": "{\"city\":\"San Francisco\"}"
            }
          }
        },
        {
          "content": "The weather in San Francisco is 72 degrees",
          "role": "user",
          "options": {
            "toolResult": {
              "result": "The weather in San Francisco is 72 degrees",
              "isError": false,
              "id": "call_loaXnCH3WRnbnROZzNbrRkHS"
            }
          }
        }
      ]
    }
  ],
  "llmEventEnd": [
    {
      "id": "PRESERVE_0",
      "response": {
        "raw": null,
        "message": {
          "content": "",
          "role": "assistant",
          "options": {
            "toolCall": {
              "id": "call_loaXnCH3WRnbnROZzNbrRkHS",
              "name": "getWeather",
              "input": "{\"city\":\"San Francisco\"}"
            }
          }
        }
      }
    },
    {
      "id": "PRESERVE_1",
      "response": {
        "raw": null,
        "message": {
          "content": "Arhgs! The weather in San Francisco is 72 degrees.",
          "role": "assistant",
          "options": {}
        }
      }
    }
  ],
  "llmEventStream": []
}